13 A a
23 j J
EOF on tests/files/test2a.txt at byte 32
