cmpr: File tests/files/testXa.txt does not exist.
