cmpr: invalid option for -i/--ignore - invalid digit found in string
