11 â‘© k
EOF on tests/files/test13a.txt at byte 11
