 1 ⓪ 0
 2 ① 1
 3 ② 2
 4 ③ 3
 5 ④ 4
 6 ⑤ 5
 7 ⑥ 6
 8 ⑦ 7
 9 ⑧ 8
10 ⑨ 9
11 ⑩ A
12 ⑪ 1
13 ⑫ 2
14 ⑬ 3
15 ⑭ 4
16 ⑮ 5
17 ⑯ 6
18 ⑰ 7
19 ⑱ 8
20 ⑲ 9
21 ⑳ B
22 ㉑ 1
23 ㉒ 2
24 ㉓ 3
25 ㉔ 4
26 ㉕ 5
27 ㉖ 6
28 ㉗ 7
29 ㉘ 8
30 ㉙ 9
31 ㉚ C
32 ㉛ 1
